2026-05-10 12:31:29,684 - apscheduler.scheduler - INFO - Adding job tentatively -- it will be properly scheduled when the scheduler starts
2026-05-10 12:31:29,684 - apscheduler.scheduler - INFO - Adding job tentatively -- it will be properly scheduled when the scheduler starts
2026-05-10 12:31:29,684 - apscheduler.scheduler - INFO - Added job "workout_remind_print" to job store "default"
2026-05-10 12:31:29,684 - apscheduler.scheduler - INFO - Added job "clean_old_logs" to job store "default"
2026-05-10 12:31:29,684 - apscheduler.scheduler - INFO - Scheduler started
2026-05-10 12:31:29,684 - logger - INFO - Бот запущен и готов к работе
2026-05-10 12:31:29,686 - aiogram.dispatcher - INFO - Start polling
2026-05-10 12:33:15,767 - apscheduler.scheduler - INFO - Adding job tentatively -- it will be properly scheduled when the scheduler starts
2026-05-10 12:33:15,768 - apscheduler.scheduler - INFO - Adding job tentatively -- it will be properly scheduled when the scheduler starts
2026-05-10 12:33:15,768 - apscheduler.scheduler - INFO - Added job "workout_remind_print" to job store "default"
2026-05-10 12:33:15,768 - apscheduler.scheduler - INFO - Added job "clean_old_logs" to job store "default"
2026-05-10 12:33:15,768 - apscheduler.scheduler - INFO - Scheduler started
2026-05-10 12:33:15,768 - logger - INFO - Бот запущен и готов к работе
2026-05-10 12:33:15,770 - aiogram.dispatcher - INFO - Start polling
2026-05-10 12:33:16,330 - aiogram.dispatcher - INFO - Run polling for bot @JDINOWBOT id=8653301704 - 'JUST DO IT NOW'
2026-05-10 12:33:32,777 - aiogram.event - INFO - Update id=554848168 is handled. Duration 609 ms by bot id=8653301704
2026-05-10 12:33:41,701 - aiogram.event - INFO - Update id=554848169 is not handled. Duration 3 ms by bot id=8653301704
2026-05-10 12:33:41,701 - aiogram.event - ERROR - Cause exception while process update id=554848169 by bot id=8653301704
TypeError: not all arguments converted during string formatting
Traceback (most recent call last):
  File "/usr/lib/python3.14/site-packages/aiogram/dispatcher/dispatcher.py", line 320, in _process_update
    response = await self.feed_update(bot, update, **kwargs)
               ^^^^^^^^^^^^^^^^^^^^^^^^^^^^^^^^^^^^^^^^^^^^^
  File "/usr/lib/python3.14/site-packages/aiogram/dispatcher/dispatcher.py", line 164, in feed_update
    response = await self.update.wrap_outer_middleware(
               ^^^^^^^^^^^^^^^^^^^^^^^^^^^^^^^^^^^^^^^^
    ...<7 lines>...
    )
    ^
  File "/usr/lib/python3.14/site-packages/aiogram/dispatcher/middlewares/error.py", line 27, in __call__
    return await handler(event, data)
           ^^^^^^^^^^^^^^^^^^^^^^^^^^
  File "/usr/lib/python3.14/site-packages/aiogram/dispatcher/middlewares/user_context.py", line 58, in __call__
    return await handler(event, data)
           ^^^^^^^^^^^^^^^^^^^^^^^^^^
  File "/usr/lib/python3.14/site-packages/aiogram/fsm/middleware.py", line 43, in __call__
    return await handler(event, data)
           ^^^^^^^^^^^^^^^^^^^^^^^^^^
  File "/usr/lib/python3.14/site-packages/aiogram/dispatcher/event/telegram.py", line 126, in trigger
    return await wrapped_inner(event, kwargs)
           ^^^^^^^^^^^^^^^^^^^^^^^^^^^^^^^^^^
  File "/usr/lib/python3.14/site-packages/aiogram/dispatcher/event/handler.py", line 71, in call
    return await wrapped()
           ^^^^^^^^^^^^^^^
  File "/usr/lib/python3.14/site-packages/aiogram/dispatcher/dispatcher.py", line 283, in _listen_update
    return await self.propagate_event(update_type=update_type, event=event, **kwargs)
           ^^^^^^^^^^^^^^^^^^^^^^^^^^^^^^^^^^^^^^^^^^^^^^^^^^^^^^^^^^^^^^^^^^^^^^^^^^
  File "/usr/lib/python3.14/site-packages/aiogram/dispatcher/router.py", line 163, in propagate_event
    return await observer.wrap_outer_middleware(_wrapped, event=event, data=kwargs)
           ^^^^^^^^^^^^^^^^^^^^^^^^^^^^^^^^^^^^^^^^^^^^^^^^^^^^^^^^^^^^^^^^^^^^^^^^
  File "/usr/lib/python3.14/site-packages/aiogram/dispatcher/router.py", line 155, in _wrapped
    return await self._propagate_event(
           ^^^^^^^^^^^^^^^^^^^^^^^^^^^^
    ...<4 lines>...
    )
    ^
  File "/usr/lib/python3.14/site-packages/aiogram/dispatcher/router.py", line 191, in _propagate_event
    response = await router.propagate_event(update_type=update_type, event=event, **kwargs)
               ^^^^^^^^^^^^^^^^^^^^^^^^^^^^^^^^^^^^^^^^^^^^^^^^^^^^^^^^^^^^^^^^^^^^^^^^^^^^
  File "/usr/lib/python3.14/site-packages/aiogram/dispatcher/router.py", line 163, in propagate_event
    return await observer.wrap_outer_middleware(_wrapped, event=event, data=kwargs)
           ^^^^^^^^^^^^^^^^^^^^^^^^^^^^^^^^^^^^^^^^^^^^^^^^^^^^^^^^^^^^^^^^^^^^^^^^
  File "/usr/lib/python3.14/site-packages/aiogram/dispatcher/router.py", line 155, in _wrapped
    return await self._propagate_event(
           ^^^^^^^^^^^^^^^^^^^^^^^^^^^^
    ...<4 lines>...
    )
    ^
  File "/usr/lib/python3.14/site-packages/aiogram/dispatcher/router.py", line 183, in _propagate_event
    response = await observer.trigger(event, **kwargs)
               ^^^^^^^^^^^^^^^^^^^^^^^^^^^^^^^^^^^^^^^
  File "/usr/lib/python3.14/site-packages/aiogram/dispatcher/event/telegram.py", line 126, in trigger
    return await wrapped_inner(event, kwargs)
           ^^^^^^^^^^^^^^^^^^^^^^^^^^^^^^^^^^
  File "/run/media/nikonetg/ea8d9669-c782-443d-9386-c8c78fe82d93/vsc/justdoitbot/middlewares/auth.py", line 39, in __call__
    return await handler(event, data)
           ^^^^^^^^^^^^^^^^^^^^^^^^^^
  File "/usr/lib/python3.14/site-packages/aiogram/dispatcher/event/handler.py", line 71, in call
    return await wrapped()
           ^^^^^^^^^^^^^^^
  File "/run/media/nikonetg/ea8d9669-c782-443d-9386-c8c78fe82d93/vsc/justdoitbot/handlers/profile.py", line 58, in profile_handler
    response = await get_profile_text(user_id)
               ^^^^^^^^^^^^^^^^^^^^^^^^^^^^^^^
  File "/run/media/nikonetg/ea8d9669-c782-443d-9386-c8c78fe82d93/vsc/justdoitbot/handlers/profile.py", line 46, in get_profile_text
    f"Последняя тренировка: {declension_days(last_text)}\n"
                             ~~~~~~~~~~~~~~~^^^^^^^^^^^
  File "/run/media/nikonetg/ea8d9669-c782-443d-9386-c8c78fe82d93/vsc/justdoitbot/handlers/misc.py", line 10, in declension_days
    if 10 <= n % 100 <= 20:
             ~~^~~~~
TypeError: not all arguments converted during string formatting
2026-05-10 12:35:19,338 - apscheduler.scheduler - INFO - Adding job tentatively -- it will be properly scheduled when the scheduler starts
2026-05-10 12:35:19,338 - apscheduler.scheduler - INFO - Adding job tentatively -- it will be properly scheduled when the scheduler starts
2026-05-10 12:35:19,339 - apscheduler.scheduler - INFO - Added job "workout_remind_print" to job store "default"
2026-05-10 12:35:19,339 - apscheduler.scheduler - INFO - Added job "clean_old_logs" to job store "default"
2026-05-10 12:35:19,339 - apscheduler.scheduler - INFO - Scheduler started
2026-05-10 12:35:19,339 - logger - INFO - Бот запущен и готов к работе
2026-05-10 12:35:19,341 - aiogram.dispatcher - INFO - Start polling
2026-05-10 12:35:19,922 - aiogram.dispatcher - INFO - Run polling for bot @JDINOWBOT id=8653301704 - 'JUST DO IT NOW'
2026-05-10 12:35:24,304 - aiogram.event - INFO - Update id=554848170 is not handled. Duration 2 ms by bot id=8653301704
2026-05-10 12:35:24,304 - aiogram.event - ERROR - Cause exception while process update id=554848170 by bot id=8653301704
TypeError: not all arguments converted during string formatting
Traceback (most recent call last):
  File "/usr/lib/python3.14/site-packages/aiogram/dispatcher/dispatcher.py", line 320, in _process_update
    response = await self.feed_update(bot, update, **kwargs)
               ^^^^^^^^^^^^^^^^^^^^^^^^^^^^^^^^^^^^^^^^^^^^^
  File "/usr/lib/python3.14/site-packages/aiogram/dispatcher/dispatcher.py", line 164, in feed_update
    response = await self.update.wrap_outer_middleware(
               ^^^^^^^^^^^^^^^^^^^^^^^^^^^^^^^^^^^^^^^^
    ...<7 lines>...
    )
    ^
  File "/usr/lib/python3.14/site-packages/aiogram/dispatcher/middlewares/error.py", line 27, in __call__
    return await handler(event, data)
           ^^^^^^^^^^^^^^^^^^^^^^^^^^
  File "/usr/lib/python3.14/site-packages/aiogram/dispatcher/middlewares/user_context.py", line 58, in __call__
    return await handler(event, data)
           ^^^^^^^^^^^^^^^^^^^^^^^^^^
  File "/usr/lib/python3.14/site-packages/aiogram/fsm/middleware.py", line 43, in __call__
    return await handler(event, data)
           ^^^^^^^^^^^^^^^^^^^^^^^^^^
  File "/usr/lib/python3.14/site-packages/aiogram/dispatcher/event/telegram.py", line 126, in trigger
    return await wrapped_inner(event, kwargs)
           ^^^^^^^^^^^^^^^^^^^^^^^^^^^^^^^^^^
  File "/usr/lib/python3.14/site-packages/aiogram/dispatcher/event/handler.py", line 71, in call
    return await wrapped()
           ^^^^^^^^^^^^^^^
  File "/usr/lib/python3.14/site-packages/aiogram/dispatcher/dispatcher.py", line 283, in _listen_update
    return await self.propagate_event(update_type=update_type, event=event, **kwargs)
           ^^^^^^^^^^^^^^^^^^^^^^^^^^^^^^^^^^^^^^^^^^^^^^^^^^^^^^^^^^^^^^^^^^^^^^^^^^
  File "/usr/lib/python3.14/site-packages/aiogram/dispatcher/router.py", line 163, in propagate_event
    return await observer.wrap_outer_middleware(_wrapped, event=event, data=kwargs)
           ^^^^^^^^^^^^^^^^^^^^^^^^^^^^^^^^^^^^^^^^^^^^^^^^^^^^^^^^^^^^^^^^^^^^^^^^
  File "/usr/lib/python3.14/site-packages/aiogram/dispatcher/router.py", line 155, in _wrapped
    return await self._propagate_event(
           ^^^^^^^^^^^^^^^^^^^^^^^^^^^^
    ...<4 lines>...
    )
    ^
  File "/usr/lib/python3.14/site-packages/aiogram/dispatcher/router.py", line 191, in _propagate_event
    response = await router.propagate_event(update_type=update_type, event=event, **kwargs)
               ^^^^^^^^^^^^^^^^^^^^^^^^^^^^^^^^^^^^^^^^^^^^^^^^^^^^^^^^^^^^^^^^^^^^^^^^^^^^
  File "/usr/lib/python3.14/site-packages/aiogram/dispatcher/router.py", line 163, in propagate_event
    return await observer.wrap_outer_middleware(_wrapped, event=event, data=kwargs)
           ^^^^^^^^^^^^^^^^^^^^^^^^^^^^^^^^^^^^^^^^^^^^^^^^^^^^^^^^^^^^^^^^^^^^^^^^
  File "/usr/lib/python3.14/site-packages/aiogram/dispatcher/router.py", line 155, in _wrapped
    return await self._propagate_event(
           ^^^^^^^^^^^^^^^^^^^^^^^^^^^^
    ...<4 lines>...
    )
    ^
  File "/usr/lib/python3.14/site-packages/aiogram/dispatcher/router.py", line 183, in _propagate_event
    response = await observer.trigger(event, **kwargs)
               ^^^^^^^^^^^^^^^^^^^^^^^^^^^^^^^^^^^^^^^
  File "/usr/lib/python3.14/site-packages/aiogram/dispatcher/event/telegram.py", line 126, in trigger
    return await wrapped_inner(event, kwargs)
           ^^^^^^^^^^^^^^^^^^^^^^^^^^^^^^^^^^
  File "/run/media/nikonetg/ea8d9669-c782-443d-9386-c8c78fe82d93/vsc/justdoitbot/middlewares/auth.py", line 39, in __call__
    return await handler(event, data)
           ^^^^^^^^^^^^^^^^^^^^^^^^^^
  File "/usr/lib/python3.14/site-packages/aiogram/dispatcher/event/handler.py", line 71, in call
    return await wrapped()
           ^^^^^^^^^^^^^^^
  File "/run/media/nikonetg/ea8d9669-c782-443d-9386-c8c78fe82d93/vsc/justdoitbot/handlers/profile.py", line 58, in profile_handler
    response = await get_profile_text(user_id)
               ^^^^^^^^^^^^^^^^^^^^^^^^^^^^^^^
  File "/run/media/nikonetg/ea8d9669-c782-443d-9386-c8c78fe82d93/vsc/justdoitbot/handlers/profile.py", line 46, in get_profile_text
    f"Последняя тренировка: fПоследняя тренировка: {last_text} {declension_days(last_text)} назад\n"
                                                                ~~~~~~~~~~~~~~~^^^^^^^^^^^
  File "/run/media/nikonetg/ea8d9669-c782-443d-9386-c8c78fe82d93/vsc/justdoitbot/handlers/misc.py", line 10, in declension_days
    if 10 <= n % 100 <= 20:
             ~~^~~~~
TypeError: not all arguments converted during string formatting
2026-05-10 12:36:02,565 - apscheduler.scheduler - INFO - Adding job tentatively -- it will be properly scheduled when the scheduler starts
2026-05-10 12:36:02,565 - apscheduler.scheduler - INFO - Adding job tentatively -- it will be properly scheduled when the scheduler starts
2026-05-10 12:36:02,566 - apscheduler.scheduler - INFO - Added job "workout_remind_print" to job store "default"
2026-05-10 12:36:02,566 - apscheduler.scheduler - INFO - Added job "clean_old_logs" to job store "default"
2026-05-10 12:36:02,566 - apscheduler.scheduler - INFO - Scheduler started
2026-05-10 12:36:02,566 - logger - INFO - Бот запущен и готов к работе
2026-05-10 12:36:02,567 - aiogram.dispatcher - INFO - Start polling
2026-05-10 12:36:03,125 - aiogram.dispatcher - INFO - Run polling for bot @JDINOWBOT id=8653301704 - 'JUST DO IT NOW'
2026-05-10 12:36:16,681 - aiogram.event - INFO - Update id=554848171 is not handled. Duration 2 ms by bot id=8653301704
2026-05-10 12:36:16,681 - aiogram.event - ERROR - Cause exception while process update id=554848171 by bot id=8653301704
TypeError: not all arguments converted during string formatting
Traceback (most recent call last):
  File "/usr/lib/python3.14/site-packages/aiogram/dispatcher/dispatcher.py", line 320, in _process_update
    response = await self.feed_update(bot, update, **kwargs)
               ^^^^^^^^^^^^^^^^^^^^^^^^^^^^^^^^^^^^^^^^^^^^^
  File "/usr/lib/python3.14/site-packages/aiogram/dispatcher/dispatcher.py", line 164, in feed_update
    response = await self.update.wrap_outer_middleware(
               ^^^^^^^^^^^^^^^^^^^^^^^^^^^^^^^^^^^^^^^^
    ...<7 lines>...
    )
    ^
  File "/usr/lib/python3.14/site-packages/aiogram/dispatcher/middlewares/error.py", line 27, in __call__
    return await handler(event, data)
           ^^^^^^^^^^^^^^^^^^^^^^^^^^
  File "/usr/lib/python3.14/site-packages/aiogram/dispatcher/middlewares/user_context.py", line 58, in __call__
    return await handler(event, data)
           ^^^^^^^^^^^^^^^^^^^^^^^^^^
  File "/usr/lib/python3.14/site-packages/aiogram/fsm/middleware.py", line 43, in __call__
    return await handler(event, data)
           ^^^^^^^^^^^^^^^^^^^^^^^^^^
  File "/usr/lib/python3.14/site-packages/aiogram/dispatcher/event/telegram.py", line 126, in trigger
    return await wrapped_inner(event, kwargs)
           ^^^^^^^^^^^^^^^^^^^^^^^^^^^^^^^^^^
  File "/usr/lib/python3.14/site-packages/aiogram/dispatcher/event/handler.py", line 71, in call
    return await wrapped()
           ^^^^^^^^^^^^^^^
  File "/usr/lib/python3.14/site-packages/aiogram/dispatcher/dispatcher.py", line 283, in _listen_update
    return await self.propagate_event(update_type=update_type, event=event, **kwargs)
           ^^^^^^^^^^^^^^^^^^^^^^^^^^^^^^^^^^^^^^^^^^^^^^^^^^^^^^^^^^^^^^^^^^^^^^^^^^
  File "/usr/lib/python3.14/site-packages/aiogram/dispatcher/router.py", line 163, in propagate_event
    return await observer.wrap_outer_middleware(_wrapped, event=event, data=kwargs)
           ^^^^^^^^^^^^^^^^^^^^^^^^^^^^^^^^^^^^^^^^^^^^^^^^^^^^^^^^^^^^^^^^^^^^^^^^
  File "/usr/lib/python3.14/site-packages/aiogram/dispatcher/router.py", line 155, in _wrapped
    return await self._propagate_event(
           ^^^^^^^^^^^^^^^^^^^^^^^^^^^^
    ...<4 lines>...
    )
    ^
  File "/usr/lib/python3.14/site-packages/aiogram/dispatcher/router.py", line 191, in _propagate_event
    response = await router.propagate_event(update_type=update_type, event=event, **kwargs)
               ^^^^^^^^^^^^^^^^^^^^^^^^^^^^^^^^^^^^^^^^^^^^^^^^^^^^^^^^^^^^^^^^^^^^^^^^^^^^
  File "/usr/lib/python3.14/site-packages/aiogram/dispatcher/router.py", line 163, in propagate_event
    return await observer.wrap_outer_middleware(_wrapped, event=event, data=kwargs)
           ^^^^^^^^^^^^^^^^^^^^^^^^^^^^^^^^^^^^^^^^^^^^^^^^^^^^^^^^^^^^^^^^^^^^^^^^
  File "/usr/lib/python3.14/site-packages/aiogram/dispatcher/router.py", line 155, in _wrapped
    return await self._propagate_event(
           ^^^^^^^^^^^^^^^^^^^^^^^^^^^^
    ...<4 lines>...
    )
    ^
  File "/usr/lib/python3.14/site-packages/aiogram/dispatcher/router.py", line 183, in _propagate_event
    response = await observer.trigger(event, **kwargs)
               ^^^^^^^^^^^^^^^^^^^^^^^^^^^^^^^^^^^^^^^
  File "/usr/lib/python3.14/site-packages/aiogram/dispatcher/event/telegram.py", line 126, in trigger
    return await wrapped_inner(event, kwargs)
           ^^^^^^^^^^^^^^^^^^^^^^^^^^^^^^^^^^
  File "/run/media/nikonetg/ea8d9669-c782-443d-9386-c8c78fe82d93/vsc/justdoitbot/middlewares/auth.py", line 39, in __call__
    return await handler(event, data)
           ^^^^^^^^^^^^^^^^^^^^^^^^^^
  File "/usr/lib/python3.14/site-packages/aiogram/dispatcher/event/handler.py", line 71, in call
    return await wrapped()
           ^^^^^^^^^^^^^^^
  File "/run/media/nikonetg/ea8d9669-c782-443d-9386-c8c78fe82d93/vsc/justdoitbot/handlers/profile.py", line 58, in profile_handler
    response = await get_profile_text(user_id)
               ^^^^^^^^^^^^^^^^^^^^^^^^^^^^^^^
  File "/run/media/nikonetg/ea8d9669-c782-443d-9386-c8c78fe82d93/vsc/justdoitbot/handlers/profile.py", line 46, in get_profile_text
    f"Последняя тренировка: {last_text} {declension_days(last_text)} назад\n"
                                         ~~~~~~~~~~~~~~~^^^^^^^^^^^
  File "/run/media/nikonetg/ea8d9669-c782-443d-9386-c8c78fe82d93/vsc/justdoitbot/handlers/misc.py", line 10, in declension_days
    if 10 <= n % 100 <= 20:
             ~~^~~~~
TypeError: not all arguments converted during string formatting
2026-05-10 12:37:31,745 - apscheduler.scheduler - INFO - Adding job tentatively -- it will be properly scheduled when the scheduler starts
2026-05-10 12:37:31,745 - apscheduler.scheduler - INFO - Adding job tentatively -- it will be properly scheduled when the scheduler starts
2026-05-10 12:37:31,745 - apscheduler.scheduler - INFO - Added job "workout_remind_print" to job store "default"
2026-05-10 12:37:31,746 - apscheduler.scheduler - INFO - Added job "clean_old_logs" to job store "default"
2026-05-10 12:37:31,746 - apscheduler.scheduler - INFO - Scheduler started
2026-05-10 12:37:31,746 - logger - INFO - Бот запущен и готов к работе
2026-05-10 12:37:31,747 - aiogram.dispatcher - INFO - Start polling
2026-05-10 12:37:32,302 - aiogram.dispatcher - INFO - Run polling for bot @JDINOWBOT id=8653301704 - 'JUST DO IT NOW'
2026-05-10 12:37:36,355 - aiogram.event - INFO - Update id=554848172 is handled. Duration 794 ms by bot id=8653301704
2026-05-10 12:40:59,173 - aiogram.event - INFO - Update id=554848173 is handled. Duration 454 ms by bot id=8653301704
2026-05-10 12:41:00,621 - aiogram.event - INFO - Update id=554848174 is handled. Duration 426 ms by bot id=8653301704
2026-05-10 12:41:02,960 - aiogram.event - INFO - Update id=554848175 is handled. Duration 489 ms by bot id=8653301704
2026-05-10 12:41:09,680 - aiogram.event - INFO - Update id=554848176 is handled. Duration 223 ms by bot id=8653301704
2026-05-10 12:41:12,755 - aiogram.event - INFO - Update id=554848177 is handled. Duration 495 ms by bot id=8653301704
2026-05-10 12:41:14,069 - aiogram.event - INFO - Update id=554848178 is handled. Duration 410 ms by bot id=8653301704
2026-05-10 12:41:16,209 - aiogram.event - INFO - Update id=554848179 is handled. Duration 459 ms by bot id=8653301704
2026-05-10 12:41:17,304 - aiogram.event - INFO - Update id=554848180 is handled. Duration 281 ms by bot id=8653301704
2026-05-10 12:41:18,147 - logger - INFO - Админ 8744276105 накрутил 100 страйка пользователю 8744276105
2026-05-10 12:41:18,463 - aiogram.event - INFO - Update id=554848181 is handled. Duration 321 ms by bot id=8653301704
2026-05-10 12:41:22,516 - aiogram.event - INFO - Update id=554848182 is handled. Duration 402 ms by bot id=8653301704
2026-05-10 12:41:28,324 - aiogram.event - INFO - Update id=554848183 is handled. Duration 153 ms by bot id=8653301704
2026-05-10 12:41:32,540 - aiogram.event - INFO - Update id=554848184 is handled. Duration 408 ms by bot id=8653301704
2026-05-10 12:41:34,003 - aiogram.event - INFO - Update id=554848185 is handled. Duration 293 ms by bot id=8653301704
2026-05-10 12:41:39,841 - logger - INFO - Админ 8744276105 накрутил 5 страйка пользователю 8744276105
2026-05-10 12:41:40,108 - aiogram.event - INFO - Update id=554848186 is handled. Duration 273 ms by bot id=8653301704
2026-05-10 12:41:44,221 - aiogram.event - INFO - Update id=554848187 is handled. Duration 431 ms by bot id=8653301704
2026-05-10 12:41:46,048 - aiogram.event - INFO - Update id=554848188 is handled. Duration 441 ms by bot id=8653301704
2026-05-10 12:41:52,412 - aiogram.event - INFO - Update id=554848189 is handled. Duration 173 ms by bot id=8653301704
2026-05-10 12:41:57,618 - aiogram.event - INFO - Update id=554848190 is handled. Duration 430 ms by bot id=8653301704
2026-05-10 12:42:00,522 - aiogram.event - INFO - Update id=554848191 is handled. Duration 430 ms by bot id=8653301704
2026-05-10 12:42:03,327 - aiogram.event - INFO - Update id=554848192 is handled. Duration 269 ms by bot id=8653301704
2026-05-10 12:42:04,941 - logger - INFO - Пользователь 8744276105 удалил аккаунт
2026-05-10 12:42:05,212 - aiogram.event - INFO - Update id=554848193 is handled. Duration 276 ms by bot id=8653301704
